rank: 37
modules: foo,bar,baz
targets: 12
nr_xs_helpers: 1
first_core: 8
log_mask: DD_DEBUG
log_file: /path/to/log
storage:
- class: ram
  scm_mount: /mnt/daostest
  scm_size: 42
  scm_list:
  - /dev/a
  - /dev/b
- class: kdev
  bdev_list:
  - /dev/c
  - /dev/d
  bdev_number: 2
  bdev_size: 20
provider: foo+bar
fabric_iface: qib42
fabric_iface_port: 100
pinned_numa_node: 8
env_vars:
- FOO=BAR
- BAZ=QUX
